// Jest Snapshot v1, https://goo.gl/fbAQLP

exports[`Accordion component SHOULD match the snapshot 1`] = `
Array [
  <div
    style={
      Object {
        "backgroundColor": "rgba(0,0,0,.03)",
        "border": "1px solid rgba(0,0,0,.125)",
        "marginTop": 4,
        "padding": 10,
      }
    }
  >
    <a
      href="#"
      onClick={[Function]}
      style={
        Object {
          "cursor": "pointer",
        }
      }
    >
      First Bellow
    </a>
  </div>,
  <div
    style={
      Object {
        "backgroundColor": "rgba(0,0,0,.03)",
        "border": "1px solid rgba(0,0,0,.125)",
        "marginTop": 4,
        "padding": 10,
      }
    }
  >
    <a
      href="#"
      onClick={[Function]}
      style={
        Object {
          "cursor": "pointer",
        }
      }
    >
      Second Bellow
    </a>
  </div>,
  <div
    style={
      Object {
        "backgroundColor": "rgba(0,0,0,.03)",
        "border": "1px solid rgba(0,0,0,.125)",
        "marginTop": 4,
        "padding": 10,
      }
    }
  >
    <a
      href="#"
      onClick={[Function]}
      style={
        Object {
          "cursor": "pointer",
        }
      }
    >
      Third Bellow
    </a>
  </div>,
  <div
    style={
      Object {
        "backgroundColor": "rgba(0,0,0,.03)",
        "border": "1px solid rgba(0,0,0,.125)",
        "marginTop": 4,
        "padding": 10,
      }
    }
  >
    <a
      href="#"
      onClick={[Function]}
      style={
        Object {
          "cursor": "pointer",
        }
      }
    >
      Fourth Bellow
    </a>
  </div>,
]
`;
